// Jest Snapshot v1, https://goo.gl/fbAQLP

exports[`Pagination renders correctly 1`] = `
ShallowWrapper {
  Symbol(enzyme.__root__): [Circular],
  Symbol(enzyme.__unrendered__): <Pagination
    current={3}
    totalPages={9}
/>,
  Symbol(enzyme.__renderer__): Object {
    "batchedUpdates": [Function],
    "getNode": [Function],
    "render": [Function],
    "simulateError": [Function],
    "simulateEvent": [Function],
    "unmount": [Function],
  },
  Symbol(enzyme.__node__): Object {
    "instance": null,
    "key": undefined,
    "nodeType": "class",
    "props": Object {
      "children": <ul>
        <li
                className="prev false"
        >
                <Link
                        replace={false}
                        to="/2"
                >
                        &lt; Previous page
                </Link>
        </li>
        <li
                className="num false"
        >
                <Link
                        replace={false}
                        to="/2"
                >
                        2
                </Link>
        </li>
        <li
                className="num active"
        >
                <Link
                        replace={false}
                        to="/3"
                >
                        3
                </Link>
        </li>
        <li
                className="num false"
        >
                <Link
                        replace={false}
                        to="/4"
                >
                        4
                </Link>
        </li>
        <li
                className="next false"
        >
                <Link
                        replace={false}
                        to="/4"
                >
                        Next page &gt;
                </Link>
        </li>
</ul>,
    },
    "ref": null,
    "rendered": Object {
      "instance": null,
      "key": undefined,
      "nodeType": "host",
      "props": Object {
        "children": Array [
          <li
            className="prev false"
>
            <Link
                        replace={false}
                        to="/2"
            >
                        &lt; Previous page
            </Link>
</li>,
          Array [
            <li
              className="num false"
>
              <Link
                            replace={false}
                            to="/2"
              >
                            2
              </Link>
</li>,
            <li
              className="num active"
>
              <Link
                            replace={false}
                            to="/3"
              >
                            3
              </Link>
</li>,
            <li
              className="num false"
>
              <Link
                            replace={false}
                            to="/4"
              >
                            4
              </Link>
</li>,
          ],
          <li
            className="next false"
>
            <Link
                        replace={false}
                        to="/4"
            >
                        Next page &gt;
            </Link>
</li>,
        ],
      },
      "ref": null,
      "rendered": Array [
        Object {
          "instance": null,
          "key": undefined,
          "nodeType": "host",
          "props": Object {
            "children": <Link
              replace={false}
              to="/2"
>
              &lt; Previous page
</Link>,
            "className": "prev false",
          },
          "ref": null,
          "rendered": Object {
            "instance": null,
            "key": undefined,
            "nodeType": "class",
            "props": Object {
              "children": "< Previous page",
              "replace": false,
              "to": "/2",
            },
            "ref": null,
            "rendered": "< Previous page",
            "type": [Function],
          },
          "type": "li",
        },
        Object {
          "instance": null,
          "key": "2",
          "nodeType": "host",
          "props": Object {
            "children": <Link
              replace={false}
              to="/2"
>
              2
</Link>,
            "className": "num false",
          },
          "ref": null,
          "rendered": Object {
            "instance": null,
            "key": undefined,
            "nodeType": "class",
            "props": Object {
              "children": 2,
              "replace": false,
              "to": "/2",
            },
            "ref": null,
            "rendered": 2,
            "type": [Function],
          },
          "type": "li",
        },
        Object {
          "instance": null,
          "key": "3",
          "nodeType": "host",
          "props": Object {
            "children": <Link
              replace={false}
              to="/3"
>
              3
</Link>,
            "className": "num active",
          },
          "ref": null,
          "rendered": Object {
            "instance": null,
            "key": undefined,
            "nodeType": "class",
            "props": Object {
              "children": 3,
              "replace": false,
              "to": "/3",
            },
            "ref": null,
            "rendered": 3,
            "type": [Function],
          },
          "type": "li",
        },
        Object {
          "instance": null,
          "key": "4",
          "nodeType": "host",
          "props": Object {
            "children": <Link
              replace={false}
              to="/4"
>
              4
</Link>,
            "className": "num false",
          },
          "ref": null,
          "rendered": Object {
            "instance": null,
            "key": undefined,
            "nodeType": "class",
            "props": Object {
              "children": 4,
              "replace": false,
              "to": "/4",
            },
            "ref": null,
            "rendered": 4,
            "type": [Function],
          },
          "type": "li",
        },
        Object {
          "instance": null,
          "key": undefined,
          "nodeType": "host",
          "props": Object {
            "children": <Link
              replace={false}
              to="/4"
>
              Next page &gt;
</Link>,
            "className": "next false",
          },
          "ref": null,
          "rendered": Object {
            "instance": null,
            "key": undefined,
            "nodeType": "class",
            "props": Object {
              "children": "Next page >",
              "replace": false,
              "to": "/4",
            },
            "ref": null,
            "rendered": "Next page >",
            "type": [Function],
          },
          "type": "li",
        },
      ],
      "type": "ul",
    },
    "type": [Function],
  },
  Symbol(enzyme.__nodes__): Array [
    Object {
      "instance": null,
      "key": undefined,
      "nodeType": "class",
      "props": Object {
        "children": <ul>
          <li
                    className="prev false"
          >
                    <Link
                              replace={false}
                              to="/2"
                    >
                              &lt; Previous page
                    </Link>
          </li>
          <li
                    className="num false"
          >
                    <Link
                              replace={false}
                              to="/2"
                    >
                              2
                    </Link>
          </li>
          <li
                    className="num active"
          >
                    <Link
                              replace={false}
                              to="/3"
                    >
                              3
                    </Link>
          </li>
          <li
                    className="num false"
          >
                    <Link
                              replace={false}
                              to="/4"
                    >
                              4
                    </Link>
          </li>
          <li
                    className="next false"
          >
                    <Link
                              replace={false}
                              to="/4"
                    >
                              Next page &gt;
                    </Link>
          </li>
</ul>,
      },
      "ref": null,
      "rendered": Object {
        "instance": null,
        "key": undefined,
        "nodeType": "host",
        "props": Object {
          "children": Array [
            <li
              className="prev false"
>
              <Link
                            replace={false}
                            to="/2"
              >
                            &lt; Previous page
              </Link>
</li>,
            Array [
              <li
                className="num false"
>
                <Link
                                replace={false}
                                to="/2"
                >
                                2
                </Link>
</li>,
              <li
                className="num active"
>
                <Link
                                replace={false}
                                to="/3"
                >
                                3
                </Link>
</li>,
              <li
                className="num false"
>
                <Link
                                replace={false}
                                to="/4"
                >
                                4
                </Link>
</li>,
            ],
            <li
              className="next false"
>
              <Link
                            replace={false}
                            to="/4"
              >
                            Next page &gt;
              </Link>
</li>,
          ],
        },
        "ref": null,
        "rendered": Array [
          Object {
            "instance": null,
            "key": undefined,
            "nodeType": "host",
            "props": Object {
              "children": <Link
                replace={false}
                to="/2"
>
                &lt; Previous page
</Link>,
              "className": "prev false",
            },
            "ref": null,
            "rendered": Object {
              "instance": null,
              "key": undefined,
              "nodeType": "class",
              "props": Object {
                "children": "< Previous page",
                "replace": false,
                "to": "/2",
              },
              "ref": null,
              "rendered": "< Previous page",
              "type": [Function],
            },
            "type": "li",
          },
          Object {
            "instance": null,
            "key": "2",
            "nodeType": "host",
            "props": Object {
              "children": <Link
                replace={false}
                to="/2"
>
                2
</Link>,
              "className": "num false",
            },
            "ref": null,
            "rendered": Object {
              "instance": null,
              "key": undefined,
              "nodeType": "class",
              "props": Object {
                "children": 2,
                "replace": false,
                "to": "/2",
              },
              "ref": null,
              "rendered": 2,
              "type": [Function],
            },
            "type": "li",
          },
          Object {
            "instance": null,
            "key": "3",
            "nodeType": "host",
            "props": Object {
              "children": <Link
                replace={false}
                to="/3"
>
                3
</Link>,
              "className": "num active",
            },
            "ref": null,
            "rendered": Object {
              "instance": null,
              "key": undefined,
              "nodeType": "class",
              "props": Object {
                "children": 3,
                "replace": false,
                "to": "/3",
              },
              "ref": null,
              "rendered": 3,
              "type": [Function],
            },
            "type": "li",
          },
          Object {
            "instance": null,
            "key": "4",
            "nodeType": "host",
            "props": Object {
              "children": <Link
                replace={false}
                to="/4"
>
                4
</Link>,
              "className": "num false",
            },
            "ref": null,
            "rendered": Object {
              "instance": null,
              "key": undefined,
              "nodeType": "class",
              "props": Object {
                "children": 4,
                "replace": false,
                "to": "/4",
              },
              "ref": null,
              "rendered": 4,
              "type": [Function],
            },
            "type": "li",
          },
          Object {
            "instance": null,
            "key": undefined,
            "nodeType": "host",
            "props": Object {
              "children": <Link
                replace={false}
                to="/4"
>
                Next page &gt;
</Link>,
              "className": "next false",
            },
            "ref": null,
            "rendered": Object {
              "instance": null,
              "key": undefined,
              "nodeType": "class",
              "props": Object {
                "children": "Next page >",
                "replace": false,
                "to": "/4",
              },
              "ref": null,
              "rendered": "Next page >",
              "type": [Function],
            },
            "type": "li",
          },
        ],
        "type": "ul",
      },
      "type": [Function],
    },
  ],
  Symbol(enzyme.__options__): Object {
    "adapter": ReactSixteenAdapter {
      "options": Object {
        "enableComponentDidUpdateOnSetState": true,
        "lifecycles": Object {
          "componentDidUpdate": Object {
            "onSetState": true,
          },
          "getDerivedStateFromProps": true,
          "getSnapshotBeforeUpdate": true,
          "setState": Object {
            "skipsComponentDidUpdateOnNullish": true,
          },
        },
      },
    },
    "attachTo": undefined,
    "hydrateIn": undefined,
  },
}
`;
